// Jest Snapshot v1, https://goo.gl/fbAQLP

exports[`OrderSummary Component matches snapshot 1`] = `
<DocumentFragment>
  <div
    class="w-full lg:w-1/2 2xl:w-1/4 space-y-4 p-4"
  >
    <div
      class="flex flex-col gap-4 border-b-2 pb-4 border-secondary-100"
    >
      <div
        class="flex justify-between text-sm md:text-base lg:text-lg"
      >
        <span>
          Subtotal
        </span>
        <span>
          $100.00
        </span>
      </div>
      <div
        class="flex justify-between text-sm md:text-base lg:text-lg"
      >
        <span>
          Shipping fee
        </span>
        <span>
          $10
        </span>
      </div>
      <div
        class="flex justify-between text-sm md:text-base lg:text-lg"
      >
        <span>
          Coupon
        </span>
        <span>
          $20.00
        </span>
      </div>
    </div>
    <div
      class="flex justify-between text-lg md:text-2xl lg:text-3xl py-4"
    >
      <span>
        Total
      </span>
      <span>
        $90.00
      </span>
    </div>
    <button
      class="flex items-center justify-center gap-2 rounded p-2 disabled:cursor-not-allowed disabled:opacity-50 bg-opacity-100 shadow-md bg-primary-200 text-white disabled:hover:bg-primary-200 hover:bg-primary-400 w-full py-3 md:py-4 text-sm md:text-base lg:text-lg"
      type="button"
    >
      Check out
    </button>
  </div>
</DocumentFragment>
`;
