// Jest Snapshot v1, https://goo.gl/fbAQLP

exports[`Header Component - UI Tests renders the header with default props and matches snapshot 1`] = `
<DocumentFragment>
  <header
    class="flex items-center justify-between w-full gap-6 px-4 py-4 md:container md:mt-10 md:mx-auto sm:px-6 md:px-8 lg:px-12 xl:px-16"
  >
    <a
      class="flex items-center gap-2"
      href="/"
    >
      <svg
        aria-label="logo"
        fill="none"
        height="44.217"
        viewBox="0 0 44 44.217"
        width="44"
        xmlns="http://www.w3.org/2000/svg"
      >
        <rect
          fill="#40BFFF"
          height="44.217"
          rx="16"
          transform="scale(1)"
          width="44"
        />
        <path
          clip-rule="evenodd"
          d="M31.062 20.372c0.954 0.959 0.954 2.514 0 3.474l-7.334 7.37c-0.954 0.959-2.502 0.959-3.456 0l-7.334-7.37a2.465 2.465 0 0 1 0-3.474l7.334-7.37a2.436 2.436 0 0 1 3.457 0l7.333 7.37ZM22 18.213l-3.876 3.896L22 26.004l3.876-3.895L22 18.213Z"
          fill="#fff"
          fill-rule="evenodd"
        />
      </svg>
      <span
        class="w-max text-lg font-bold sm:text-xl lg:text-2xl"
      >
        E-Comm
      </span>
    </a>
    <div
      class="w-full flex items-center justify-end lg:justify-between gap-4"
    >
      <div
        class="hidden lg:block"
      >
        <div
          class="flex md:justify-end"
        >
          <div
            class="w-full"
          >
            <div
              class="flex items-center gap-1 border rounded-md focus-within:ring-2 focus-within:ring-primary-100 lg:rounded-r-none p-2 border-primary-300"
            >
              <span>
                <svg
                  class="lg:hidden block"
                  fill="none"
                  height="20"
                  viewBox="0 0 20 20"
                  width="20"
                  xmlns="http://www.w3.org/2000/svg"
                >
                  <path
                    d="M8.875 16.75C13.2242 16.75 16.75 13.2242 16.75 8.875C16.75 4.52576 13.2242 1 8.875 1C4.52576 1 1 4.52576 1 8.875C1 13.2242 4.52576 16.75 8.875 16.75Z"
                    stroke="#40BFFF"
                    stroke-miterlimit="10"
                    stroke-width="2"
                  />
                  <path
                    d="M14.5 14.5L19 19"
                    stroke="#40BFFF"
                    stroke-linecap="round"
                    stroke-miterlimit="10"
                    stroke-width="2"
                  />
                </svg>
              </span>
              <input
                class="flex-1 outline-none px-3 py-2 bg-transparent h-16 text-gray-700 appearance-none [&::-webkit-search-cancel-button]:cursor-pointer w-full lg:w-[400px]"
                id="gsearch"
                name="gsearch"
                placeholder="Enter your query..."
                type="search"
                value=""
              />
            </div>
          </div>
          <button
            class="items-center gap-2 rounded p-2 bg-opacity-100 shadow-md hover:bg-primary-400 disabled:bg-primary-100 px-7 rounded-l-none hidden lg:block bg-primary-300 text-white"
            disabled=""
            type="submit"
          >
            Search
          </button>
        </div>
      </div>
      <div>
        <button
          class="block lg:hidden cursor-pointer"
          type="button"
        >
          <svg
            fill="none"
            height="24"
            viewBox="0 0 20 20"
            width="24"
            xmlns="http://www.w3.org/2000/svg"
          >
            <path
              d="M8.875 16.75C13.2242 16.75 16.75 13.2242 16.75 8.875C16.75 4.52576 13.2242 1 8.875 1C4.52576 1 1 4.52576 1 8.875C1 13.2242 4.52576 16.75 8.875 16.75Z"
              stroke="#9098B1"
              stroke-miterlimit="10"
              stroke-width="2"
            />
            <path
              d="M14.5 14.5L19 19"
              stroke="#9098B1"
              stroke-linecap="round"
              stroke-miterlimit="10"
              stroke-width="2"
            />
          </svg>
        </button>
      </div>
      <div
        class="flex items-center gap-2"
      >
        <div
          class="flex items-center gap-2"
        >
          <svg
            aria-label="profile"
            fill="none"
            height="20"
            viewBox="0 0 20 20"
            width="20"
            xmlns="http://www.w3.org/2000/svg"
          >
            <path
              clip-rule="evenodd"
              d="M19.356 16.2615A9.856 9.856 0 0 0 13.949 10.64a5.948 5.948 0 0 0 2.1715 -4.546a6.172 6.172 0 0 0 -1.6515 -4.105A6.1625 6.1625 0 0 0 10.495 0.0465c-0.4975 -0.062 -1.0005 -0.062 -1.498 0a6.1625 6.1625 0 0 0 -3.97 1.9435a6.172 6.172 0 0 0 -1.65 4.1035a5.949 5.949 0 0 0 2.1715 4.546A9.8455 9.8455 0 0 0 0.14 16.2615a2.354 2.354 0 0 0 0.33 2.2135A2.5885 2.5885 0 0 0 2.5505 19.5h14.405a2.5825 2.5825 0 0 0 2.078 -1.025a2.345 2.345 0 0 0 0.3225 -2.2135Zm-13.43 -10.168a3.7115 3.7115 0 0 1 1.0125 -2.48a3.7055 3.7055 0 0 1 2.417 -1.1515a3.215 3.215 0 0 1 0.79 0a3.663 3.663 0 0 1 2.9675 2.6145a3.67 3.67 0 0 1 -1.133 3.7905a3.663 3.663 0 0 1 -6.0535 -2.7735ZM2.5485 17.0625a7.766 7.766 0 0 1 2.855 -3.5415a7.7565 7.7565 0 0 1 11.55 3.5415H2.5485Z"
              fill="#22262A"
              fill-rule="evenodd"
            />
          </svg>
          <span
            class="hidden text-sm w-max md:text-base lg:text-lg lg:block"
          >
            My account
          </span>
          <div
            class="relative flex items-center"
          >
            <svg
              aria-label="cart"
              fill="none"
              height="25"
              viewBox="0 0 40 32"
              width="25"
              xmlns="http://www.w3.org/2000/svg"
            >
              <path
                d="M10 28c.447 0 .81-.354.81-.79a.801.801 0 0 0-.81-.792.801.801 0 0 0-.81.791c0 .438.362.792.81.792ZM24 28c.447 0 .81-.354.81-.79a.801.801 0 0 0-.81-.792.801.801 0 0 0-.81.791c0 .438.362.792.81.792Z"
                fill="#22262A"
                stroke="#22262A"
                stroke-linecap="round"
                stroke-linejoin="round"
                stroke-miterlimit="10"
                stroke-width="2.0833333333333335"
              />
              <path
                d="M4 4h3l3 18h16l3-14H10"
                stroke="#22262A"
                stroke-linecap="round"
                stroke-linejoin="round"
                stroke-width="2.0833333333333335"
              />
            </svg>
          </div>
        </div>
      </div>
    </div>
  </header>
</DocumentFragment>
`;
