// Jest Snapshot v1, https://goo.gl/fbAQLP

exports[`ProductCard Component matches snapshot 1`] = `
<DocumentFragment>
  <div
    class="relative flex flex-col transition-shadow border-2 rounded-sm border-secondary-200 hover:shadow-lg"
  >
    <span
      class="absolute top-0 left-0 z-20 px-3 py-1 text-xs text-white uppercase rounded-sm bg-danger-200"
    >
      Hot
    </span>
    <div
      class="relative bg-secondary-200 group"
    >
      <img
        alt="Test Product"
        class="mix-blend-multiply object-contain h-[273px] w-[200px] sm:w-[300px] sm:h-[273px] mx-auto"
        data-nimg="1"
        decoding="async"
        height="0"
        loading="lazy"
        sizes="(max-width: 768px) 100vw, (max-width: 1200px) 50vw, 33vw"
        src="/_next/image?url=%2Ftest-image.jpg&w=3840&q=75"
        srcset="/_next/image?url=%2Ftest-image.jpg&w=256&q=75 256w, /_next/image?url=%2Ftest-image.jpg&w=384&q=75 384w, /_next/image?url=%2Ftest-image.jpg&w=640&q=75 640w, /_next/image?url=%2Ftest-image.jpg&w=750&q=75 750w, /_next/image?url=%2Ftest-image.jpg&w=828&q=75 828w, /_next/image?url=%2Ftest-image.jpg&w=1080&q=75 1080w, /_next/image?url=%2Ftest-image.jpg&w=1200&q=75 1200w, /_next/image?url=%2Ftest-image.jpg&w=1920&q=75 1920w, /_next/image?url=%2Ftest-image.jpg&w=2048&q=75 2048w, /_next/image?url=%2Ftest-image.jpg&w=3840&q=75 3840w"
        style="color: transparent;"
        width="0"
      />
      <div
        class="absolute inset-0 z-10 flex items-center justify-center gap-4 mx-3 my-5 transition-opacity duration-300 bg-white opacity-0 bg-opacity-95 group-hover:opacity-100"
      >
        <button
          aria-label="Favorite product"
          class="flex text-sm font-medium bg-indigo-600 border-2 rounded-full text-primary-100 border-primary-100"
          type="button"
        >
          <svg
            fill="none"
            height="35"
            viewBox="0 0 84 80"
            width="35"
            xmlns="http://www.w3.org/2000/svg"
          >
            <g
              transform="translate(24.75, 24.75) scale(0.4375)"
            >
              <path
                clip-rule="evenodd"
                d="M54.285 9.72c2.857.003 5.652.816 8.05 2.341a14.652 14.652 0 0 1 5.467 6.258 14.344 14.344 0 0 1 1.136 8.171 14.466 14.466 0 0 1-3.56 7.469c-2.72 3.011-25.913 24.339-25.913 24.339S16.225 36.97 13.505 33.91a14.238 14.238 0 0 1-3.71-9.62 14.454 14.454 0 0 1 4.434-10.143 14.977 14.977 0 0 1 10.401-4.18c3.89 0 7.626 1.5 10.4 4.18a14.454 14.454 0 0 1 4.435 10.143c0-1.914.384-3.81 1.13-5.578a14.56 14.56 0 0 1 3.216-4.728 14.857 14.857 0 0 1 4.814-3.16 15.07 15.07 0 0 1 5.678-1.11l-.018.005ZM54.303 0a24.887 24.887 0 0 0-14.838 4.86A25.052 25.052 0 0 0 22.424.18C16.35.738 10.701 3.482 6.562 7.884 2.424 12.286.087 18.036.002 24.028-.082 30.02 2.09 35.83 6.103 40.344c2.778 3.13 21.072 19.954 26.622 25.037A9.988 9.988 0 0 0 39.481 68a9.987 9.987 0 0 0 6.755-2.62c5.52-5.077 23.738-21.858 26.551-24.983a24.106 24.106 0 0 0 5.932-12.45 23.902 23.902 0 0 0-1.897-13.62A24.418 24.418 0 0 0 67.704 3.9 25.05 25.05 0 0 0 54.285.004L54.303 0Z"
                fill="#33A0FF"
                fill-rule="evenodd"
              />
            </g>
          </svg>
        </button>
        <button
          aria-label="Add to Cart"
          class="text-sm font-medium bg-indigo-600 border-2 rounded-full text-primary-100 border-primary-100"
          type="button"
        >
          <svg
            fill="none"
            height="35"
            viewBox="0 0 90 85"
            width="35"
            xmlns="http://www.w3.org/2000/svg"
          >
            <g
              transform="translate(29.6, 28.6) scale(1.5)"
            >
              <path
                clip-rule="evenodd"
                d="M15.22 12.705c.526 0 1.036-.18 1.442-.507.407-.326.684-.78.786-1.285L18.59 5.34a2.176 2.176 0 0 0-.023-.976 2.208 2.208 0 0 0-.449-.872 2.276 2.276 0 0 0-.787-.602 2.33 2.33 0 0 0-.975-.216H4.988V1.559c0-.295-.12-.578-.333-.786a1.156 1.156 0 0 0-.804-.328H1.582c-.297.009-.578.13-.785.338a1.101 1.101 0 0 0-.323.777c0 .29.116.568.323.776.207.208.488.33.785.338h1.142v11.145a2.323 2.323 0 0 0-1.271.37c-.377.245-.671.592-.845.999a2.18 2.18 0 0 0-.134 1.289c.086.433.303.83.622 1.144a2.3 2.3 0 0 0 1.169.612c.443.087.902.044 1.32-.125a2.272 2.272 0 0 0 1.026-.82c.251-.367.386-.799.386-1.24h7.953c.002.439.137.867.388 1.23.25.365.606.648 1.022.815.416.166.872.209 1.313.122.44-.086.844-.299 1.162-.61.317-.31.532-.706.62-1.136.086-.43.04-.877-.132-1.282a2.233 2.233 0 0 0-.837-.994 2.313 2.313 0 0 0-1.262-.374H4.996v-1.114H15.22Zm1.141-7.8-1.141 5.573H4.99V4.905H16.361Z"
                fill="#33A0FF"
                fill-rule="evenodd"
              />
            </g>
          </svg>
        </button>
      </div>
    </div>
    <div
      class="flex flex-col items-center justify-between h-full px-4 py-4 bg-white"
    >
      <h3
        class="text-lg font-semibold text-center text-indigo"
      >
        Test Product
      </h3>
      <div
        class="flex gap-2 space-x-2"
      >
        <svg
          fill="none"
          height="14"
          viewBox="0 0 14 14"
          width="14"
          xmlns="http://www.w3.org/2000/svg"
        >
          <path
            d="M41.982 17.527 29.044 27.992 32.85 45 20.28 34.725 6.9 44.453l5.169-16.817L0 16.642l15.764-.119L21.688 0l4.574 16.746 15.72.782Z"
            fill="#FFC600"
            transform="scale(0.3181818181818182)"
          />
        </svg>
        <svg
          fill="none"
          height="14"
          viewBox="0 0 14 14"
          width="14"
          xmlns="http://www.w3.org/2000/svg"
        >
          <path
            d="M41.982 17.527 29.044 27.992 32.85 45 20.28 34.725 6.9 44.453l5.169-16.817L0 16.642l15.764-.119L21.688 0l4.574 16.746 15.72.782Z"
            fill="#FFC600"
            transform="scale(0.3181818181818182)"
          />
        </svg>
        <svg
          fill="none"
          height="14"
          viewBox="0 0 14 14"
          width="14"
          xmlns="http://www.w3.org/2000/svg"
        >
          <path
            d="M41.982 17.527 29.044 27.992 32.85 45 20.28 34.725 6.9 44.453l5.169-16.817L0 16.642l15.764-.119L21.688 0l4.574 16.746 15.72.782Z"
            fill="#FFC600"
            transform="scale(0.3181818181818182)"
          />
        </svg>
        <svg
          fill="none"
          height="14"
          viewBox="0 0 14 14"
          width="14"
          xmlns="http://www.w3.org/2000/svg"
        >
          <path
            d="M41.982 17.527 29.044 27.992 32.85 45 20.28 34.725 6.9 44.453l5.169-16.817L0 16.642l15.764-.119L21.688 0l4.574 16.746 15.72.782Z"
            fill="#FFC600"
            transform="scale(0.3181818181818182)"
          />
        </svg>
        <svg
          fill="none"
          height="14"
          viewBox="0 0 14 14"
          width="14"
          xmlns="http://www.w3.org/2000/svg"
        >
          <path
            d="M41.982 17.527 29.044 27.992 32.85 45 20.28 34.725 6.9 44.453l5.169-16.817L0 16.642l15.764-.119L21.688 0l4.574 16.746 15.72.782Z"
            fill="#C1C8CE"
            transform="scale(0.3181818181818182)"
          />
        </svg>
      </div>
      <div
        class="flex items-center space-x-2"
      >
        <span
          class="text-lg font-medium text-primary-200"
        >
          $50
        </span>
        <span
          class="text-sm text-gray-400 line-through"
        >
          $70
        </span>
        <span
          class="text-sm font-semibold text-danger-50"
        >
          28% OFF
        </span>
      </div>
    </div>
  </div>
</DocumentFragment>
`;
