// Jest Snapshot v1, https://goo.gl/fbAQLP

exports[`SearchModal Component Tests renders the search button and matches snapshot 1`] = `
<DocumentFragment>
  <div>
    <button
      class="block lg:hidden cursor-pointer"
      type="button"
    >
      <svg
        aria-label="Search"
        fill="none"
        height="24"
        viewBox="0 0 20 20"
        width="24"
        xmlns="http://www.w3.org/2000/svg"
      >
        <path
          d="M8.875 16.75C13.2242 16.75 16.75 13.2242 16.75 8.875C16.75 4.52576 13.2242 1 8.875 1C4.52576 1 1 4.52576 1 8.875C1 13.2242 4.52576 16.75 8.875 16.75Z"
          stroke="#9098B1"
          stroke-miterlimit="10"
          stroke-width="2"
        />
        <path
          d="M14.5 14.5L19 19"
          stroke="#9098B1"
          stroke-linecap="round"
          stroke-miterlimit="10"
          stroke-width="2"
        />
      </svg>
    </button>
  </div>
</DocumentFragment>
`;
