// Jest Snapshot v1, https://goo.gl/fbAQLP

exports[`Select Component matches snapshot with default props 1`] = `
<DocumentFragment>
  <select
    class="border text-sm rounded px-3 py-2 transition duration-200 ease-in-out focus:ring-2 focus:outline-none cursor-pointer border-gray-300 hover:border-gray-400 focus:ring-gray-300 custom-select-class"
  >
    <option
      selected=""
      value="name"
    >
      name
    </option>
    <option
      value="price"
    >
      price
    </option>
    <option
      value="rating"
    >
      rating
    </option>
  </select>
</DocumentFragment>
`;
