// Jest Snapshot v1, https://goo.gl/fbAQLP

exports[`Footer matches the snapshot 1`] = `
<DocumentFragment>
  <footer
    class="w-full bg-primary-50"
  >
    <div
      class="container px-4 pt-6 mx-auto sm:px-6 md:px-8 lg:px-12 xl:px-16 sm:pt-8 md:pt-12 lg:pt-16 xl:pt-20"
    >
      <div
        class="py-8"
      >
        <div
          class="flex flex-col gap-10 lg:flex-row lg:justify-between"
        >
          <div
            class="max-w-[290px] flex flex-col gap-4"
          >
            <a
              class="flex items-center gap-2"
              href="#"
            >
              <svg
                aria-label="logo"
                fill="none"
                height="44.217"
                viewBox="0 0 44 44.217"
                width="44"
                xmlns="http://www.w3.org/2000/svg"
              >
                <rect
                  fill="#40BFFF"
                  height="44.217"
                  rx="16"
                  transform="scale(1)"
                  width="44"
                />
                <path
                  clip-rule="evenodd"
                  d="M31.062 20.372c0.954 0.959 0.954 2.514 0 3.474l-7.334 7.37c-0.954 0.959-2.502 0.959-3.456 0l-7.334-7.37a2.465 2.465 0 0 1 0-3.474l7.334-7.37a2.436 2.436 0 0 1 3.457 0l7.333 7.37ZM22 18.213l-3.876 3.896L22 26.004l3.876-3.895L22 18.213Z"
                  fill="#fff"
                  fill-rule="evenodd"
                />
              </svg>
              <span
                class="text-lg font-bold sm:text-xl lg:text-2xl"
              >
                E-Comm
              </span>
            </a>
            <span
              class="text-sm font-normal leading-normal"
            >
              Lorem Ipsum is simply dummy text of the printing and typesetting industry. Lorem Ipsum has been the industry standard dummy text ever. Since the 1500s, when an unknown printer.
            </span>
          </div>
          <div
            class="flex flex-col w-full gap-8 sm:flex-row sm:justify-evenly lg:w-3/4"
          >
            <div
              class="lg:max-w-[220px] flex flex-col gap-4"
            >
              <h4
                class="font-medium text-foreground-400"
              >
                Follow Us
              </h4>
              <span
                class="text-sm"
              >
                Since the 1500s, when an unknown printer took a galley of type and scrambled.
              </span>
              <div
                class="flex gap-4"
              >
                <a
                  aria-label="Facebook"
                  href="https://www.facebook.com/"
                >
                  <svg
                    fill="none"
                    height="24"
                    viewBox="0 0 20 20"
                    width="24"
                    xmlns="http://www.w3.org/2000/svg"
                  >
                    <path
                      d="M9.197 16v-6.77h2.273l.34-2.646H9.197V5.437c0-.765.213-1.286 1.311-1.286h1.398V1.814A18.844 18.844 0 0 0 9.896 1.6c-1.738 0-2.93 1.06-2.93 3.006v1.678H4.723v2.646h2.243V16h2.231Z"
                      fill="#385C8E"
                    />
                  </svg>
                </a>
                <a
                  aria-label="Twitter"
                  href="https://www.twitter.com/"
                >
                  <svg
                    fill="none"
                    height="24"
                    viewBox="0 0 16 16"
                    width="24"
                    xmlns="http://www.w3.org/2000/svg"
                  >
                    <path
                      d="M15.928 2.027c-.564.24-1.16.4-1.77.474A2.997 2.997 0 0 0 15.51.843a6.236 6.236 0 0 1-1.946.726 3.09 3.09 0 0 0-1.57-.878 3.142 3.142 0 0 0-1.804.136 3.06 3.06 0 0 0-1.412 1.104 2.95 2.95 0 0 0-.531 1.689c-.003.23.021.46.071.684a8.861 8.861 0 0 1-3.509-.91 8.66 8.66 0 0 1-2.823-2.228 2.939 2.939 0 0 0-.342 2.187A3 3 0 0 0 2.93 5.175a3.09 3.09 0 0 1-1.387-.369v.033c0 .692.245 1.363.693 1.9A3.1 3.1 0 0 0 4 7.787a3.136 3.136 0 0 1-.806.1 2.78 2.78 0 0 1-.582-.051c.198.595.58 1.115 1.094 1.49a3.15 3.15 0 0 0 1.773.6 6.27 6.27 0 0 1-3.803 1.278 5.885 5.885 0 0 1-.736-.041 8.802 8.802 0 0 0 4.711 1.346 8.868 8.868 0 0 0 3.356-.634 8.702 8.702 0 0 0 2.845-1.848 8.469 8.469 0 0 0 1.894-2.778 8.304 8.304 0 0 0 .65-3.276c0-.133 0-.261-.012-.388a6.051 6.051 0 0 0 1.543-1.558Z"
                      fill="#03A9F4"
                    />
                  </svg>
                </a>
              </div>
            </div>
            <div
              class="lg:max-w-[150px] flex flex-col gap-4"
            >
              <h4
                class="font-medium text-foreground-400"
              >
                Contact Us
              </h4>
              <address
                class="text-sm not-italic"
              >
                E-Comm, 4578 Marmora Road, Glasgow D04 89GR
              </address>
            </div>
          </div>
        </div>
        <div
          class="grid grid-cols-1 gap-8 pt-16 sm:grid-cols-2 lg:grid-cols-4"
        >
          <ul>
            <li>
              <h4
                class="mb-5 font-medium text-foreground-400"
              >
                Information
              </h4>
              <ul>
                <li
                  class="mb-3 text-sm text-content2 hover:text-primary-700"
                >
                  <a
                    class="hover:underline"
                    href="/about-us"
                  >
                    About Us
                  </a>
                </li>
                <li
                  class="mb-3 text-sm text-content2 hover:text-primary-700"
                >
                  <a
                    class="hover:underline"
                    href="/information"
                  >
                    Information
                  </a>
                </li>
                <li
                  class="mb-3 text-sm text-content2 hover:text-primary-700"
                >
                  <a
                    class="hover:underline"
                    href="/privacy-policy"
                  >
                    Privacy Policy
                  </a>
                </li>
                <li
                  class="mb-3 text-sm text-content2 hover:text-primary-700"
                >
                  <a
                    class="hover:underline"
                    href="/terms-and-conditions"
                  >
                    Terms & Conditions
                  </a>
                </li>
              </ul>
            </li>
          </ul>
          <ul>
            <li>
              <h4
                class="mb-5 font-medium text-foreground-400"
              >
                Service
              </h4>
              <ul>
                <li
                  class="mb-3 text-sm text-content2 hover:text-primary-700"
                >
                  <a
                    class="hover:underline"
                    href="/about-us"
                  >
                    About Us
                  </a>
                </li>
                <li
                  class="mb-3 text-sm text-content2 hover:text-primary-700"
                >
                  <a
                    class="hover:underline"
                    href="/information"
                  >
                    Information
                  </a>
                </li>
                <li
                  class="mb-3 text-sm text-content2 hover:text-primary-700"
                >
                  <a
                    class="hover:underline"
                    href="/privacy-policy"
                  >
                    Privacy Policy
                  </a>
                </li>
                <li
                  class="mb-3 text-sm text-content2 hover:text-primary-700"
                >
                  <a
                    class="hover:underline"
                    href="/terms-and-conditions"
                  >
                    Terms & Conditions
                  </a>
                </li>
              </ul>
            </li>
          </ul>
          <ul>
            <li>
              <h4
                class="mb-5 font-medium text-foreground-400"
              >
                My Account
              </h4>
              <ul>
                <li
                  class="mb-3 text-sm text-content2 hover:text-primary-700"
                >
                  <a
                    class="hover:underline"
                    href="/about-us"
                  >
                    About Us
                  </a>
                </li>
                <li
                  class="mb-3 text-sm text-content2 hover:text-primary-700"
                >
                  <a
                    class="hover:underline"
                    href="/information"
                  >
                    Information
                  </a>
                </li>
                <li
                  class="mb-3 text-sm text-content2 hover:text-primary-700"
                >
                  <a
                    class="hover:underline"
                    href="/privacy-policy"
                  >
                    Privacy Policy
                  </a>
                </li>
                <li
                  class="mb-3 text-sm text-content2 hover:text-primary-700"
                >
                  <a
                    class="hover:underline"
                    href="/terms-and-conditions"
                  >
                    Terms & Conditions
                  </a>
                </li>
              </ul>
            </li>
          </ul>
          <ul>
            <li>
              <h4
                class="mb-5 font-medium text-foreground-400"
              >
                Our Offers
              </h4>
              <ul>
                <li
                  class="mb-3 text-sm text-content2 hover:text-primary-700"
                >
                  <a
                    class="hover:underline"
                    href="/about-us"
                  >
                    About Us
                  </a>
                </li>
                <li
                  class="mb-3 text-sm text-content2 hover:text-primary-700"
                >
                  <a
                    class="hover:underline"
                    href="/information"
                  >
                    Information
                  </a>
                </li>
                <li
                  class="mb-3 text-sm text-content2 hover:text-primary-700"
                >
                  <a
                    class="hover:underline"
                    href="/privacy-policy"
                  >
                    Privacy Policy
                  </a>
                </li>
                <li
                  class="mb-3 text-sm text-content2 hover:text-primary-700"
                >
                  <a
                    class="hover:underline"
                    href="/terms-and-conditions"
                  >
                    Terms & Conditions
                  </a>
                </li>
              </ul>
            </li>
          </ul>
        </div>
      </div>
      <div
        class="flex flex-col items-center justify-between gap-6 py-6 border-t-2 border-secondary-100 lg:flex-row "
      >
        <p
          class="text-sm text-secondary-500"
        >
          © 2018 Ecommerce theme by www.bisenbaev.com
        </p>
        <div
          class="flex gap-2"
        >
          <svg
            aria-label="Western"
            fill="none"
            height="25.35"
            viewBox="0 0 40 26"
            width="39"
            xmlns="http://www.w3.org/2000/svg"
          >
            <path
              d="M2.237.386h35.827a1.777 1.777 0 0 1 1.22.522 1.666 1.666 0 0 1 .485 1.212v21.676c.01.45-.165.887-.485 1.212a1.76 1.76 0 0 1-1.22.521H2.237a1.761 1.761 0 0 1-1.22-.521 1.678 1.678 0 0 1-.486-1.212V2.12A1.665 1.665 0 0 1 1.016.908c.158-.161.348-.29.557-.38.21-.089.435-.138.664-.142Z"
              fill="#353A40"
            />
            <path
              d="M23.767 16.95a1.49 1.49 0 0 1-.639-.606 2.002 2.002 0 0 1-.245-1.038 1.824 1.824 0 0 1 .485-1.356 1.847 1.847 0 0 1 1.353-.484 1.875 1.875 0 0 1 1.368.477 1.781 1.781 0 0 1 .48 1.335c.016.352-.054.702-.204 1.022-.136.26-.346.476-.607.621a2.01 2.01 0 0 1-.99.222 2.273 2.273 0 0 1-1-.193Zm.416-2.417a1.6 1.6 0 0 0 0 1.552.743.743 0 0 0 .547.235.76.76 0 0 0 .547-.235c.155-.247.224-.537.195-.826.022-.26-.05-.52-.205-.734a.683.683 0 0 0-.55-.23.678.678 0 0 0-.534.238Zm-10.151 2.574a1.47 1.47 0 0 1-.512-.146 1.255 1.255 0 0 1-.377-.307 1.131 1.131 0 0 1-.235-.409 2.12 2.12 0 0 1-.102-.6v-2.118h1.097v2.168a.612.612 0 0 0 .163.454.695.695 0 0 0 .893 0 .63.63 0 0 0 .162-.457v-2.168h1.096v2.118c.001.204-.034.407-.102.6-.063.184-.168.35-.307.49a1.23 1.23 0 0 1-.442.299 2.234 2.234 0 0 1-.769.118 4.999 4.999 0 0 1-.564-.043l-.001.001Zm15.504-.024-1.331-1.952v1.952h-1.034v-3.555h1.024l1.34 1.966v-1.966h1.037v3.555h-1.036Zm-10.219 0-1.33-1.952v1.952h-1.035v-3.555h1.024l1.34 1.966v-1.966h1.036v3.555h-1.035Zm1.813-.01v-3.548h1.106v3.549H21.13Zm-8.403-4.98a1.37 1.37 0 0 1-.396-.888l1.046-.065a.8.8 0 0 0 .138.388.576.576 0 0 0 .485.217.536.536 0 0 0 .364-.111.323.323 0 0 0 .125-.249.314.314 0 0 0-.12-.251 1.42 1.42 0 0 0-.562-.206 2.396 2.396 0 0 1-1.032-.432.877.877 0 0 1-.307-.686c0-.184.056-.363.159-.517a1.05 1.05 0 0 1 .478-.383c.28-.104.577-.152.876-.139.365-.024.73.065 1.04.254a1.107 1.107 0 0 1 .426.805l-1.036.061a.555.555 0 0 0-.174-.349.558.558 0 0 0-.366-.109.443.443 0 0 0-.289.081.253.253 0 0 0-.097.2.196.196 0 0 0 .08.154c.113.07.239.114.37.13.357.065.704.17 1.034.314.186.087.344.224.454.395.095.16.144.34.141.525.001.224-.065.443-.19.63a1.192 1.192 0 0 1-.529.439 2.16 2.16 0 0 1-.856.15 1.77 1.77 0 0 1-1.262-.36v.002Zm16.81.29-1.33-1.953v1.953h-1.035V8.828h1.024l1.34 1.967V8.828h1.037v3.555h-1.036Zm-3.968 0-.588-1.087a.851.851 0 0 0-.2-.273.464.464 0 0 0-.27-.083h-.097v1.443h-1.105V8.828h1.832c.263-.01.526.02.78.087.177.057.33.17.434.323a.984.984 0 0 1 .165.576.999.999 0 0 1-.126.511.99.99 0 0 1-.348.347c-.12.067-.25.115-.386.142.102.03.198.073.287.13.066.056.124.119.175.188.058.068.11.142.155.22l.532 1.03h-1.24Zm-1.154-2.116h.464a1.58 1.58 0 0 0 .29-.048.297.297 0 0 0 .179-.111.33.33 0 0 0 .07-.207.325.325 0 0 0-.11-.265.666.666 0 0 0-.41-.09h-.483v.721Zm-4.711 2.116V8.828h2.947v.759h-1.843v.565h1.712v.726h-1.712v.7h1.9v.805h-3.004Zm-2.716 0V9.706h-1.122v-.878h3.344v.878h-1.127v2.677h-1.095Zm-8.055 0V8.828h2.947v.759h-1.843v.565h1.711v.726h-1.72v.7h1.898v.805H8.933Zm-2.22 0-.623-2.239-.622 2.239H4.39l-.792-3.555h1.045l.375 1.99.551-1.99H6.61l.552 1.988.376-1.988h1.04l-.785 3.555h-1.08ZM35.479 17.145v-8.38h1.229v8.38h-1.23Zm-3.063 0v-8.38h1.23v8.38h-1.23Z"
              fill="#ECD345"
            />
          </svg>
          <svg
            aria-label="MasterCard"
            fill="none"
            height="25.35"
            viewBox="0 0 40 26"
            width="39"
            xmlns="http://www.w3.org/2000/svg"
          >
            <path
              d="M2.501.188h35.817c.462.01.901.197 1.22.522.32.325.495.761.486 1.212v21.674c.009.451-.166.887-.485 1.212-.32.325-.76.513-1.22.522H2.5c-.462-.009-.9-.197-1.22-.522a1.678 1.678 0 0 1-.485-1.212V1.922c-.01-.45.165-.887.485-1.212A1.76 1.76 0 0 1 2.5.188Z"
              fill="#5870BE"
            />
            <path
              d="M17.955 12.755a8.83 8.83 0 0 1 1.551-4.988 9.153 9.153 0 0 1 4.127-3.306 9.402 9.402 0 0 1 5.313-.51 9.267 9.267 0 0 1 4.708 2.457 8.916 8.916 0 0 1 2.516 4.597 8.783 8.783 0 0 1-.523 5.188 9.028 9.028 0 0 1-3.386 4.03 9.391 9.391 0 0 1-8.628.83 9.215 9.215 0 0 1-2.984-1.947 8.97 8.97 0 0 1-1.994-2.914 8.799 8.799 0 0 1-.7-3.437Z"
              fill="#FFAF38"
            />
            <path
              d="M13.06 21.734a9.371 9.371 0 0 1-4.479-1.138 9.106 9.106 0 0 1-3.344-3.124 8.803 8.803 0 0 1-.398-8.74 9.048 9.048 0 0 1 3.047-3.4 9.394 9.394 0 0 1 8.924-.778 9.162 9.162 0 0 1 3.615 2.82h-1.229v.6h1.652c.124.191.241.39.35.59h-2.616v.6h2.912c.09.2.17.4.242.6h-3.768v.599h3.96a8.83 8.83 0 0 1-.196 5.39h-3.764v.6h3.521c-.092.206-.191.4-.291.59h-2.616v.6h2.26c-.137.21-.28.411-.424.6h-1.221v.6h.716a9.205 9.205 0 0 1-3.1 2.208 9.401 9.401 0 0 1-3.752.783Z"
              fill="#E63737"
            />
            <path
              d="m2.962 14.403.56-4.258.848.106.613 3.142c.056.292.096.511.12.656.07-.15.175-.367.317-.654l1.41-2.835.758.095-.56 4.258-.543-.068.468-3.564-1.706 3.409-.51-.064-.755-3.78-.477 3.626-.543-.069Zm6.974.487a1.97 1.97 0 0 1-.607.279 1.622 1.622 0 0 1-.589.03c-.339-.043-.589-.158-.75-.345a.826.826 0 0 1-.189-.67.856.856 0 0 1 .156-.4.884.884 0 0 1 .31-.269c.123-.061.256-.103.4-.124.107-.014.265-.02.476-.02.43.003.748-.019.957-.063l.02-.136c.029-.213-.001-.37-.088-.47-.119-.134-.31-.218-.573-.251-.246-.03-.434-.01-.564.062-.127.07-.233.212-.318.424l-.503-.134c.075-.213.175-.38.3-.5.124-.122.291-.206.502-.253.212-.048.45-.056.715-.022.264.033.474.09.63.173a.84.84 0 0 1 .333.28.813.813 0 0 1 .116.376c.006.091-.006.253-.037.485l-.091.697c-.064.486-.094.796-.09.928.007.13.035.26.085.386l-.546-.069a1.114 1.114 0 0 1-.055-.394Zm.11-1.173c-.2.054-.494.084-.88.09-.22.005-.377.02-.47.048a.46.46 0 0 0-.335.383.448.448 0 0 0 .111.369c.095.106.244.172.447.197a1.1 1.1 0 0 0 .555-.063c.169-.07.3-.176.394-.32.072-.11.123-.281.153-.512l.025-.192Zm1.051.77.528-.017c.002.211.062.38.179.507.12.127.298.206.536.236.24.03.425.004.554-.079a.45.45 0 0 0 .22-.324.318.318 0 0 0-.117-.298c-.066-.055-.236-.137-.512-.244-.37-.145-.626-.261-.766-.35a.796.796 0 0 1-.299-.335.795.795 0 0 1-.059-.43.807.807 0 0 1 .143-.369.871.871 0 0 1 .298-.26c.089-.05.206-.087.35-.11.148-.025.302-.028.463-.008.242.03.45.092.623.185a.862.862 0 0 1 .37.336c.07.129.11.295.117.498l-.521.006a.557.557 0 0 0-.155-.397c-.098-.103-.25-.167-.453-.193-.24-.03-.417-.012-.53.055-.113.066-.177.153-.191.26a.29.29 0 0 0 .04.19.461.461 0 0 0 .182.165c.05.026.198.09.445.191.357.146.604.26.741.341.14.08.242.186.31.317a.77.77 0 0 1 .066.463.891.891 0 0 1-.219.474c-.12.14-.283.241-.486.302-.202.06-.425.074-.667.044-.401-.05-.697-.172-.886-.365-.187-.193-.289-.457-.304-.791Zm4.27.995.014.472a1.96 1.96 0 0 1-.401-.003c-.19-.024-.334-.073-.43-.146a.506.506 0 0 1-.19-.263c-.03-.104-.024-.313.017-.627l.233-1.774-.384-.048.054-.407.384.048.1-.764.562-.248-.142 1.077.526.066-.053.407-.527-.066-.237 1.804a.967.967 0 0 0-.011.29.23.23 0 0 0 .077.114c.039.03.097.05.175.06.058.007.135.01.232.008Zm2.696-.196.532.135a1.34 1.34 0 0 1-.57.675c-.254.145-.56.196-.918.15-.452-.056-.792-.24-1.021-.55-.227-.311-.308-.718-.242-1.22.068-.519.255-.905.56-1.158.305-.253.67-.353 1.097-.3.413.053.732.235.956.549.225.313.304.725.237 1.234a5.004 5.004 0 0 1-.021.14l-2.302-.29c-.025.342.036.614.185.815a.858.858 0 0 0 .61.351.811.811 0 0 0 .511-.09c.149-.083.278-.23.386-.441Zm-1.607-1.06 1.724.215c.01-.262-.03-.465-.12-.608a.803.803 0 0 0-.61-.383.847.847 0 0 0-.639.164c-.184.14-.302.344-.355.611Zm2.671 2.203.406-3.085.47.06-.06.467c.148-.204.278-.334.387-.391a.596.596 0 0 1 .351-.063c.177.022.349.101.516.236l-.244.463a.751.751 0 0 0-.369-.162.5.5 0 0 0-.322.066.56.56 0 0 0-.232.26 2.059 2.059 0 0 0-.167.6l-.212 1.615-.524-.066Zm5.292-.854.546.213c-.18.448-.439.774-.78.98-.337.203-.728.277-1.172.222-.46-.058-.821-.198-1.085-.42a1.77 1.77 0 0 1-.55-.895 2.926 2.926 0 0 1-.074-1.17c.058-.443.193-.82.405-1.127.214-.31.488-.53.823-.662a2.14 2.14 0 0 1 1.069-.129c.426.054.77.207 1.032.46.263.254.425.584.488.992l-.573.06c-.058-.322-.172-.565-.341-.73-.17-.165-.396-.265-.681-.3-.328-.042-.613.002-.854.131-.24.13-.421.321-.545.576a2.558 2.558 0 0 0-.241.799c-.048.362-.037.685.032.97.07.282.21.504.415.666.205.161.437.258.697.29.316.04.595-.017.838-.172.243-.154.427-.406.551-.754Zm3.064 1.514a1.97 1.97 0 0 1-.607.279 1.622 1.622 0 0 1-.59.029c-.338-.042-.588-.157-.749-.345a.826.826 0 0 1-.19-.67.883.883 0 0 1 .466-.668 1.31 1.31 0 0 1 .401-.124 3.79 3.79 0 0 1 .475-.02c.43.002.748-.019.957-.063a7 7 0 0 0 .021-.137c.028-.213-.002-.369-.089-.468-.118-.135-.31-.22-.573-.252-.246-.031-.434-.01-.563.062-.128.07-.234.212-.319.424l-.503-.134c.076-.213.175-.38.3-.5.124-.122.292-.207.503-.253.21-.048.45-.056.715-.023.263.033.473.091.63.174a.84.84 0 0 1 .332.28.813.813 0 0 1 .117.375c.005.092-.007.254-.037.486l-.092.697c-.064.486-.094.795-.09.928.007.13.035.259.086.385l-.547-.068a1.113 1.113 0 0 1-.054-.394Zm.11-1.173c-.2.054-.494.084-.881.09-.22.005-.376.02-.47.048a.46.46 0 0 0-.334.383.448.448 0 0 0 .11.368c.095.107.244.173.447.198a1.1 1.1 0 0 0 .555-.063c.17-.07.3-.176.394-.32.072-.111.123-.282.153-.512l.025-.192Zm1.133 1.716.405-3.085.471.06-.061.467c.149-.204.278-.335.388-.392a.595.595 0 0 1 .351-.062c.177.022.348.1.516.236l-.244.463a.752.752 0 0 0-.369-.162.5.5 0 0 0-.322.066.56.56 0 0 0-.232.26 2.059 2.059 0 0 0-.167.6l-.213 1.614-.523-.065Zm3.991.5.052-.39c-.236.282-.544.4-.924.351a1.22 1.22 0 0 1-.654-.288 1.351 1.351 0 0 1-.405-.627c-.08-.258-.1-.544-.058-.86.04-.308.128-.58.264-.817.136-.24.315-.413.538-.52.223-.108.461-.146.715-.115.186.024.347.084.482.182.135.095.24.212.314.35l.201-1.529.52.066-.56 4.258-.485-.061Zm-1.451-1.747c-.052.395-.008.701.133.917.141.217.325.34.552.368a.748.748 0 0 0 .618-.206c.185-.168.303-.443.354-.827.055-.422.014-.742-.122-.96a.751.751 0 0 0-.563-.372.74.74 0 0 0-.622.212c-.18.17-.297.46-.35.868Z"
              fill="#fff"
            />
          </svg>
          <svg
            aria-label="Paypal"
            fill="none"
            height="25.35"
            viewBox="0 0 40 26"
            width="39"
            xmlns="http://www.w3.org/2000/svg"
          >
            <path
              d="M2.0889 0.349365H37.6626C38.1222 0.36142 38.5583 0.550379 38.8756 0.875244C39.193 1.20011 39.3658 1.63439 39.3564 2.08325V23.7561C39.3658 24.205 39.193 24.6392 38.8756 24.9641C38.5583 25.289 38.1222 25.4779 37.6626 25.49H2.0889C1.62927 25.4779 1.19309 25.289 0.875732 24.9641C0.558372 24.6392 0.385552 24.205 0.394914 23.7561V2.08423C0.385278 1.63519 0.558093 1.20081 0.875482 0.875732C1.19287 0.55065 1.62909 0.36142 2.0889 0.349365Z"
              fill="#F1F1F1"
            />
            <path
              d="M0.816653 24.8992C0.544623 24.5784 0.396465 24.1745 0.397844 23.7581V2.08423C0.388208 1.63519 0.560898 1.20081 0.878287 0.875732C1.19567 0.55065 1.6319 0.36142 2.09171 0.349365H37.6644C38.0962 0.350311 38.5104 0.516826 38.8175 0.813232L0.821779 24.8992H0.816653Z"
              fill="white"
              fill-opacity="0.73"
            />
            <path
              d="M15.3966 18.3143L16.7279 15.9642L15.9864 10.3201H17.8002L18.0931 13.6605L19.868 10.3201H21.7401L17.4295 18.3143H15.3966ZM9.70942 14.0985C9.98901 12.7245 11.3481 12.2884 13.3574 12.2884C13.4773 11.6774 13.0789 11.5242 12.4009 11.5472C11.8032 11.5755 11.2155 11.7086 10.6661 11.9403L10.8247 10.5672C11.4844 10.3671 12.1677 10.2497 12.8577 10.2181C14.1133 10.1961 15.5092 10.5875 15.1907 12.1805L14.4133 15.9305H12.5996L12.7183 15.3621C12.5078 15.5743 12.2562 15.7436 11.978 15.8597C11.6998 15.9758 11.4008 16.0365 11.0982 16.0384C10.239 16.0344 9.47396 15.4881 9.71054 14.0941L9.70942 14.0985ZM11.5642 14.0111C11.5071 14.09 11.4747 14.1835 11.4708 14.2801C11.4669 14.3767 11.4918 14.4724 11.5424 14.5555C11.593 14.6385 11.6671 14.7056 11.7558 14.7484C11.8446 14.7911 11.9442 14.8075 12.0425 14.7962C12.2669 14.806 12.4873 14.7363 12.6632 14.5999C12.8392 14.4636 12.9588 14.2701 13 14.0545C13.0237 13.886 13.0579 13.719 13.1024 13.5545H12.6436C12.4392 13.536 12.2334 13.5677 12.0449 13.6468C11.8563 13.7259 11.6911 13.8496 11.5642 14.0072V14.0111ZM3.46216 15.9305L4.9615 8.75813H8.34835C8.65027 8.75552 8.94845 8.82374 9.21785 8.95686C9.48724 9.08998 9.72005 9.28418 9.89669 9.52327C10.0733 9.76235 10.1887 10.0393 10.2331 10.3309C10.2775 10.6225 10.2496 10.9201 10.1519 11.199C10.0544 11.8549 9.71768 12.4543 9.2036 12.887C8.68951 13.3197 8.03268 13.557 7.35396 13.5545H5.93751L5.45106 15.9305H3.46216ZM6.22017 12.1805H7.15218C7.42481 12.1593 7.68294 12.0518 7.88778 11.8748C8.09263 11.6979 8.23311 11.4607 8.28797 11.199C8.33095 11.0914 8.34673 10.9755 8.33397 10.8607C8.32122 10.7458 8.28032 10.6355 8.21471 10.5394C8.14909 10.4432 8.0607 10.3641 7.95704 10.3084C7.85338 10.2527 7.73742 10.2218 7.61912 10.2191H6.64623L6.22017 12.1805Z"
              fill="#3284AE"
            />
            <path
              d="M27.3422 14.094C27.6249 12.72 28.9982 12.2854 31.0353 12.2854C31.1766 11.6734 30.7732 11.5222 30.087 11.5442C29.4764 11.5748 28.8758 11.7075 28.3111 11.9363L28.4729 10.5632C29.1486 10.3656 29.8464 10.2486 30.5509 10.2151C31.8219 10.1931 33.2136 10.584 32.891 12.176L32.1045 15.925H30.2886L30.4095 15.3591C29.9696 15.7883 29.3743 16.0314 28.7524 16.0354C27.8737 16.0344 27.0995 15.489 27.3422 14.094ZM29.2195 14.0071C29.1643 14.0887 29.1343 14.1842 29.1331 14.282C29.1319 14.3798 29.1597 14.4755 29.213 14.5583C29.2663 14.6412 29.3427 14.7073 29.4334 14.7488C29.5241 14.7902 29.6252 14.8054 29.7244 14.7922C29.9475 14.802 30.1665 14.732 30.3409 14.5959C30.5153 14.4598 30.6332 14.2666 30.6727 14.052C30.7126 13.877 30.7332 13.724 30.7752 13.552H30.3317C30.1218 13.5313 29.9099 13.5621 29.7152 13.6414C29.5205 13.7206 29.349 13.8459 29.2164 14.0061L29.2195 14.0071ZM32.9433 15.925L34.4447 8.7312H36.3086L34.7878 15.925H32.9433ZM21.095 15.925L22.5923 8.75415H25.9719C26.273 8.75336 26.5699 8.82264 26.838 8.9563C27.1062 9.08996 27.3378 9.28415 27.5138 9.52271C27.6897 9.76126 27.8048 10.0372 27.8496 10.3279C27.8944 10.6186 27.8675 10.9156 27.7713 11.1941C27.6737 11.8523 27.3351 12.4535 26.8182 12.8865C26.3012 13.3195 25.6411 13.555 24.96 13.5491H23.5642L23.0582 15.9241L21.095 15.925ZM23.8469 12.176H24.7562C25.0311 12.1554 25.2918 12.049 25.4997 11.8723C25.7076 11.6956 25.8517 11.458 25.9105 11.1951C25.9513 11.086 25.9648 10.969 25.9499 10.8538C25.935 10.7385 25.8922 10.6283 25.825 10.5325C25.7578 10.4366 25.6681 10.3582 25.5635 10.303C25.4588 10.2478 25.3422 10.2174 25.2233 10.2151H24.2524L23.8469 12.176Z"
              fill="#3CA9C7"
            />
          </svg>
          <svg
            aria-label="Visa"
            fill="none"
            height="24.73170731707317"
            viewBox="0 0 41 26"
            width="39"
            xmlns="http://www.w3.org/2000/svg"
          >
            <path
              d="M2.54353 0.188232H38.3886C38.6173 0.192523 38.843 0.240837 39.0526 0.330322C39.2622 0.419807 39.4517 0.548678 39.6103 0.709717C39.7688 0.870756 39.8933 1.06075 39.9766 1.2688C40.0599 1.47685 40.1005 1.69878 40.0958 1.92212V23.5964C40.1005 23.8198 40.0599 24.0417 39.9766 24.2498C39.8933 24.4578 39.7688 24.6478 39.6103 24.8088C39.4517 24.9699 39.2622 25.0987 39.0526 25.1882C38.843 25.2777 38.6173 25.326 38.3886 25.3303H2.54353C2.3148 25.326 2.08919 25.2777 1.87957 25.1882C1.66994 25.0987 1.48042 24.9699 1.32186 24.8088C1.16331 24.6478 1.03875 24.4578 0.955435 24.2498C0.872116 24.0417 0.831675 23.8198 0.836293 23.5964V1.92212C0.831675 1.69878 0.872116 1.47685 0.955435 1.2688C1.03875 1.06075 1.16331 0.870756 1.32186 0.709717C1.48042 0.548678 1.66994 0.419807 1.87957 0.330322C2.08919 0.240837 2.3148 0.192523 2.54353 0.188232Z"
              fill="url(#paint0_linear)"
            />
            <path
              d="M31.5319 17.4143L31.2739 16.1194H28.4739L28.0141 17.4143H25.7179L29.0023 9.34937C29.0787 9.14937 29.2186 8.97835 29.4016 8.86157C29.5846 8.7448 29.8011 8.68848 30.0193 8.70044H31.7901L33.5536 17.4153L31.5319 17.4143ZM30.2661 11.0701L29.1088 14.3313H30.9175L30.2661 11.0701ZM22.8032 11.1843C22.8032 12.1363 25.8756 12.3401 25.8756 14.5291C25.8756 16.6371 23.6071 17.4124 22.1047 17.4124C21.2508 17.4261 20.4035 17.2639 19.6181 16.9363L19.9458 15.0461C20.847 15.7661 23.5806 15.9714 23.5806 14.8284C23.5806 13.6854 20.5337 13.6582 20.5337 11.4822C20.5337 9.17018 23.1289 8.69409 24.2206 8.69409C24.8969 8.71102 25.5657 8.83515 26.2013 9.06128L25.8869 10.8704C24.9467 10.3584 22.8012 10.2362 22.8012 11.1882L22.8032 11.1843ZM16.0602 17.4143L17.4367 8.69897H19.6396L18.2632 17.4143H16.0602ZM10.7787 17.4143L8.8676 9.85229C9.20521 10.0582 9.52731 10.2875 9.83136 10.5383C10.75 11.3059 11.449 12.2928 11.8601 13.4031L12.1091 14.6941L14.2096 8.70044H16.5804L13.0758 17.4153L10.7787 17.4143ZM6.89307 8.93823L6.79068 8.90845L6.89307 8.93823ZM6.66778 8.87329L6.61865 8.86011L6.66778 8.87329ZM7.20961 9.04321L7.07847 8.99829L7.20961 9.04321ZM8.73658 9.76831C8.6683 9.72698 8.59995 9.68717 8.53167 9.64917C8.59722 9.69317 8.66481 9.73119 8.73445 9.77319L8.73658 9.76831ZM8.21013 9.47827C8.15073 9.44827 8.08935 9.41643 8.03098 9.38843C8.08731 9.42143 8.1477 9.45315 8.20813 9.48315L8.21013 9.47827ZM7.66217 9.22144L7.54141 9.17017L7.66217 9.22144Z"
              fill="#494CA3"
            />
            <path
              d="M11.8571 13.4072L11.1156 9.48925C11.0767 9.2531 10.9468 9.0404 10.7527 8.89452C10.5586 8.74864 10.3147 8.6809 10.071 8.70458H6.59911L6.55811 8.85155C7.76358 9.16894 8.88074 9.74641 9.82719 10.5415C10.7464 11.3092 11.4459 12.2965 11.8571 13.4072Z"
              fill="#FFC000"
            />
            <defs>
              <lineargradient
                gradientUnits="userSpaceOnUse"
                id="paint0_linear"
                x1="20.4661"
                x2="20.4661"
                y1="25.3303"
                y2="0.188232"
              >
                <stop
                  stop-color="#E59703"
                />
                <stop
                  offset="0.231"
                  stop-color="#E59703"
                />
                <stop
                  offset="0.234"
                  stop-color="white"
                />
                <stop
                  offset="0.761"
                  stop-color="white"
                />
                <stop
                  offset="0.766"
                  stop-color="#5457BB"
                />
                <stop
                  offset="1"
                  stop-color="#5457BB"
                />
              </lineargradient>
            </defs>
          </svg>
        </div>
      </div>
    </div>
  </footer>
</DocumentFragment>
`;
