// Jest Snapshot v1, https://goo.gl/fbAQLP

exports[`ServiceCard Component matches snapshot 1`] = `
<DocumentFragment>
  <div
    class="px-4 md:w-1/2 lg:w-1/3"
  >
    <div
      class="flex flex-col items-center p-10 bg-white rounded-md mb-9 shadow-2 hover:shadow-lg md:px-7 xl:px-10"
    >
      <div
        aria-label="Icon"
        class="flex items-center mb-11 justify-center rounded-2xl bg-primary"
      >
        ðŸ”§
      </div>
      <h4
        class="mb-[14px] w-max text-2xl font-semibold text-dark dark:text-white"
      >
        Test Service
      </h4>
      <p
        class="text-center xl:w-1/2 w-full text-body-color dark:text-dark-6"
      >
        This is a test description for the service.
      </p>
    </div>
  </div>
</DocumentFragment>
`;
