// Jest Snapshot v1, https://goo.gl/fbAQLP

exports[`FilterSortBar Component renders correctly with default props 1`] = `
<DocumentFragment>
  <div
    class="bg-secondary-100 p-4 shadow-md md:sticky rounded top-0 z-30 w-full"
  >
    <div
      class="flex flex-col sm:flex-row sm:justify-between sm:items-center space-y-4 sm:space-y-0"
    >
      <div
        class="text-sm w-max text-gray-600"
      >
        10 Items
      </div>
      <div
        class="flex flex-col sm:flex-row sm:items-center sm:space-x-4 space-y-4 sm:space-y-0"
      >
        <div
          class="flex gap-2 items-center"
        >
          <span>
            Sort
          </span>
          <select
            class="border text-sm rounded px-3 py-2 transition duration-200 ease-in-out focus:ring-2 focus:outline-none cursor-pointer border-gray-300 hover:border-gray-400 focus:ring-gray-300 w-auto bg-secondary-100 capitalize"
          >
            <option
              value="name"
            >
              name
            </option>
            <option
              value="price"
            >
              price
            </option>
            <option
              value="rating"
            >
              rating
            </option>
          </select>
        </div>
        <div
          class="flex gap-2 items-center"
        >
          <span>
            Show
          </span>
          <select
            class="border text-sm rounded px-3 py-2 transition duration-200 ease-in-out focus:ring-2 focus:outline-none cursor-pointer border-gray-300 hover:border-gray-400 focus:ring-gray-300 w-auto bg-secondary-100"
          >
            <option
              value="6"
            >
              6
            </option>
            <option
              value="12"
            >
              12
            </option>
            <option
              value="24"
            >
              24
            </option>
          </select>
        </div>
      </div>
    </div>
  </div>
</DocumentFragment>
`;
