// Jest Snapshot v1, https://goo.gl/fbAQLP

exports[`Service Component matches the snapshot 1`] = `
<div>
  <section
    class="pb-12 pt-20 lg:pb-[90px] lg:pt-[120px]"
  >
    <div
      class="flex flex-wrap"
    >
      <div
        class="px-4 md:w-1/2 lg:w-1/3"
      >
        <div
          class="flex flex-col items-center p-10 bg-white rounded-md mb-9 shadow-2 hover:shadow-lg md:px-7 xl:px-10"
        >
          <div
            aria-label="Icon"
            class="flex items-center mb-11 justify-center rounded-2xl bg-primary"
          >
            <svg
              class="w-24 h-24"
              fill="none"
              viewBox="0 0 100 65"
              width="100"
              xmlns="http://www.w3.org/2000/svg"
            >
              <g
                transform="translate(50, 50) scale(1) translate(-50, -50)"
              >
                <path
                  d="M101.46 33.921v-.056a2.312 2.312 0 0 0-2.316-2.276h-.609l-9.41-18.18a2.312 2.312 0 0 0-2.063-1.245H71.004l.612-4.857A6.599 6.599 0 0 0 64.964.001h-49.84a2.463 2.463 0 0 0-2.438 2.22l-.503 4h28.4a3.236 3.236 0 0 1 3.252 3.34 3.446 3.446 0 0 1-3.426 3.338h-9.472v.014H3.127a2.437 2.437 0 0 0-2.422 2.358 2.288 2.288 0 0 0 2.3 2.363h36.823a3.46 3.46 0 0 1 2.94 3.532 3.693 3.693 0 0 1-3.647 3.575H13.74a2.461 2.461 0 0 0-2.448 2.389 2.31 2.31 0 0 0 2.322 2.389h25.089a3.461 3.461 0 0 1 2.987 3.527 3.692 3.692 0 0 1-3.671 3.577H6.82a2.462 2.462 0 0 0-2.447 2.389A2.31 2.31 0 0 0 6.696 41.4h2.087l-.816 8.542a6.599 6.599 0 0 0 6.651 7.305h1.802a10.404 10.404 0 0 0 10.295 8.613 11.106 11.106 0 0 0 10.746-8.613h22.467a7.612 7.612 0 0 0 4.886-1.831 6.639 6.639 0 0 0 4.651 1.831h.37A10.404 10.404 0 0 0 80.13 65.86a11.106 11.106 0 0 0 10.745-8.613h1.48a7.832 7.832 0 0 0 7.638-7.001l1.453-16.092v-.066c0-.022.006-.065.007-.099.002-.034.007-.049.007-.068ZM26.84 61.087a5.784 5.784 0 0 1-5.806-5.962 6.161 6.161 0 0 1 6.118-5.962 5.783 5.783 0 0 1 5.805 5.962 6.16 6.16 0 0 1-6.117 5.962Zm53.417 0a5.785 5.785 0 0 1-5.806-5.962 6.16 6.16 0 0 1 6.118-5.962 5.782 5.782 0 0 1 5.806 5.962 6.16 6.16 0 0 1-6.118 5.962Zm14.99-11.15a2.871 2.871 0 0 1-2.766 2.537h-1.6a10.404 10.404 0 0 0-10.183-8.08 11.109 11.109 0 0 0-10.61 8.08h-.492a2.025 2.025 0 0 1-1.524-.64 2.054 2.054 0 0 1-.503-1.592l3.008-33.316h6.905L76.39 29.058a6.6 6.6 0 0 0 6.651 7.307h13.431l-1.224 13.572Z"
                  fill="#FF6875"
                />
              </g>
            </svg>
          </div>
          <h4
            class="mb-[14px] w-max text-2xl font-semibold text-dark dark:text-white"
          >
            FREE SHIPPING
          </h4>
          <p
            class="text-center xl:w-1/2 w-full text-body-color dark:text-dark-6"
          >
            Lorem Ipsum is simply dummy text of the printing and typesetting industry.
          </p>
        </div>
      </div>
      <div
        class="px-4 md:w-1/2 lg:w-1/3"
      >
        <div
          class="flex flex-col items-center p-10 bg-white rounded-md mb-9 shadow-2 hover:shadow-lg md:px-7 xl:px-10"
        >
          <div
            aria-label="Icon"
            class="flex items-center mb-11 justify-center rounded-2xl bg-primary"
          >
            <svg
              fill="none"
              height="100"
              viewBox="0 0 80 80"
              width="100"
              xmlns="http://www.w3.org/2000/svg"
            >
              <g
                transform="translate(36, 36) scale(0.9) translate(-36, -36)"
              >
                <path
                  d="m55.719 17.508-3.772 4.844a28.287 28.287 0 1 1-15.782-5.888l-5.306 5.567 3.936 3.757 8.377-8.8 3.753-3.942-3.93-3.742L34.2.926l-3.755 3.942 5.728 5.456a34.398 34.398 0 0 0-6.905 68.344 34.76 34.76 0 0 0 5.42.426 34.413 34.413 0 0 0 21.03-61.586Z"
                  fill="#FF6875"
                />
                <path
                  d="M37.985 62.231V58.7c4.189-.468 8.264-3.113 8.264-8.137 0-6.825-6.347-7.607-10.982-8.178-2.963-.355-5.233-.766-5.233-2.561 0-2.497 3.52-2.766 5.03-2.766 2.245 0 4.64 1.056 5.455 2.403l.237.392 4.651-2.155-.23-.469a9.188 9.188 0 0 0-7.2-4.987v-3.112h-5.445v3.097c-5.075.754-8.09 3.565-8.09 7.596 0 6.571 5.967 7.237 10.32 7.726 3.88.458 5.686 1.416 5.686 3.018 0 3.05-4.226 3.288-5.52 3.288-2.883 0-5.658-1.438-6.468-3.349l-.2-.471-5.051 2.14.201.472c1.497 3.507 4.73 5.703 9.129 6.222v3.363h5.446Z"
                  fill="#FF6875"
                />
              </g>
            </svg>
          </div>
          <h4
            class="mb-[14px] w-max text-2xl font-semibold text-dark dark:text-white"
          >
            100% REFUND
          </h4>
          <p
            class="text-center xl:w-1/2 w-full text-body-color dark:text-dark-6"
          >
            Lorem Ipsum is simply dummy text of the printing and typesetting industry.
          </p>
        </div>
      </div>
      <div
        class="px-4 md:w-1/2 lg:w-1/3"
      >
        <div
          class="flex flex-col items-center p-10 bg-white rounded-md mb-9 shadow-2 hover:shadow-lg md:px-7 xl:px-10"
        >
          <div
            aria-label="Icon"
            class="flex items-center mb-11 justify-center rounded-2xl bg-primary"
          >
            <svg
              fill="none"
              height="100"
              viewBox="0 0 100 100"
              width="100"
              xmlns="http://www.w3.org/2000/svg"
            >
              <g
                transform="translate(50, 50) scale(0.9) translate(-50, -50)"
              >
                <path
                  d="M.159 71.2v18.565h67.667V71.199a7.818 7.818 0 0 0-7.807-7.807H7.966A7.818 7.818 0 0 0 .159 71.2Zm5.205 0a2.606 2.606 0 0 1 2.602-2.603h2.602v15.967H5.364V71.2Zm10.41-2.603h6.73l11.488 11.489 11.489-11.489h6.726v15.967H15.774V68.597ZM62.621 71.2v13.36h-5.204V68.593h2.602a2.606 2.606 0 0 1 2.602 2.606ZM38.12 68.597l-4.127 4.128-4.128-4.128h8.255Z"
                  fill="#FF6875"
                />
                <path
                  d="M53.464 52.978h3.956v-5.205h2.603a7.818 7.818 0 0 0 7.807-7.807V34.76a33.836 33.836 0 0 0-67.671.002v5.205a7.817 7.817 0 0 0 7.807 7.807h3.942a23.415 23.415 0 0 0 41.556 5.203Zm6.559-10.411H57.27a23.4 23.4 0 0 0 .145-2.603V34.76c0-.87-.048-1.739-.145-2.603h2.748a2.606 2.606 0 0 1 2.602 2.603v5.204a2.606 2.606 0 0 1-2.602 2.608l.005-.005ZM33.993 6.134a28.68 28.68 0 0 1 27.589 20.98 7.812 7.812 0 0 0-1.563-.158h-3.944a23.422 23.422 0 0 0-44.167 0H7.966c-.525 0-1.048.053-1.563.157a28.679 28.679 0 0 1 27.59-20.979ZM48.938 24.36a18.293 18.293 0 0 1-14.946 7.802H15.962a18.21 18.21 0 0 1 32.977-7.802ZM7.966 42.572a2.606 2.606 0 0 1-2.602-2.603v-5.204a2.606 2.606 0 0 1 2.602-2.603h2.753a23.425 23.425 0 0 0-.146 2.603v5.204c0 .87.05 1.739.146 2.603H7.966Zm7.807-2.603v-2.602h18.22a23.51 23.51 0 0 0 17.46-7.815c.505 1.691.761 3.447.76 5.211v5.205a18.111 18.111 0 0 1-1.76 7.807H41.8l-2.29-2.285a7.808 7.808 0 0 1-11.043 0l-3.68 3.68a13.013 13.013 0 0 0 17.009 1.209v2.599h4.928a18.209 18.209 0 0 1-30.95-13.01v.001Z"
                  fill="#FF6875"
                />
              </g>
            </svg>
          </div>
          <h4
            class="mb-[14px] w-max text-2xl font-semibold text-dark dark:text-white"
          >
            SUPPORT 24/7
          </h4>
          <p
            class="text-center xl:w-1/2 w-full text-body-color dark:text-dark-6"
          >
            Lorem Ipsum is simply dummy text of the printing and typesetting industry.
          </p>
        </div>
      </div>
    </div>
  </section>
</div>
`;
